<!DOCTYPE html>
<html lang="en">
<html>
<head>
<div><div>

    <meta charset="utf-8"/>
    <meta http-equiv="Content-Type" content="text/html; charset=ISO-8859-1"/>

    <script src="webjars/jquery/jquery.min.js"></script>
    <link href="webjars/bootstrap/css/bootstrap.min.css" rel="stylesheet" />
    <script src="webjars/bootstrap/js/bootstrap.min.js"></script>

    <script src="/webjars/apexcharts/3.28.1/dist/apexcharts.min.js"></script>
    <link rel="stylesheet" href="/css/apexcharts.css"/>

    <link href="/css/main.css" rel="stylesheet"/>

    <div class="text-center">
        <img class="displayed" src="images/sonatype.png"/>
        <title>Success Metrics</title>
        <h3>Success Metrics</h3>
        <h4></h4>
    </div>

    <script>
        var height = '700px'
        var width = '950px'

        var grid = {
            row: {
                colors: ['#f3f3f3', 'transparent'],
                opacity: 0.5
            }
        }

        var barchartlabels = {
            enabled: true,
            enabledOnSeries: undefined,
            formatter: function (val, opts) {
                return val
            },
            textAnchor: 'middle',
            distributed: false,
            offsetX: 0,
            offsetY: 0,
            style: {
                fontSize: '10px',
                fontFamily: 'Helvetica, Arial, sans-serif',
                fontWeight: 'bold',
                colors: ['#fff']
            },
            background: {
                enabled: false,
                foreColor: '#fff',
                padding: 4,
                borderRadius: 2,
                borderWidth: 2,
                borderColor: '#fff',
                opacity: 0.9,

            },

        }

        var barchart = {
            type: 'bar',
            height: height,
            width: width,
            zoom: {
                enabled: false
            }
        }

        var linechart = {
            type: 'line',
            height: height,
            width: width,
            zoom: {
                enabled: false
            }
        }

        var stackedbarchart = {
            type: 'bar',
            height: height,
            width: width,
            stacked: true,
            toolbar: {
                show: true
            },
            zoom: {
                enabled: true
            }
        }

        var legend = {
            position: 'top',
            horizontalAlign: 'left',
            offsetX: 120
        }

        var fillbar = {
            colors: '#0118FD'
        }

        var fillStacked = {
            colors: ['#F90707', '#F99A07', '#F9DC07']
        }

        var fillViolationsSummary = {
            colors: ['#FA0707', '#F99A07', '#08B005', '#0080FF'],
        }

        var donutPlotOptions = {
			expandOnClick: true,
			donut: {
				size: '45%',
					labels: {
						show: true,
						name: {
							show: true
						},
						value: {
							show: true
						},
						total: {
							show: true,
							showAlways: true,
							label: 'Total',
							fontSize: '10px',
							fontFamily: 'Helvetica, Arial, sans-serif',
							fontWeight: 400,
							color: '#373d3f',
							formatter: function (w) {
							    return w.globals.seriesTotals.reduce((a, b) => {
									return a + b
								}, 0)
							}
						}
					}
				}
			}

    </script>

</div></div>
</head>

    <body>

    <div class="jumbotron">
    <h3>Application Last Date Evaluated</h3>
    </div>

    <div class="chart-container" style="margin-left: 100px; width:40vw">
        <div id="applicationEvaluationsChart" width="400" height="400"></div>
            <script>
                var age90 = 0;
                var age60 = 3;
                var age30 = 17;
                var age7 = 0;

                var pdata = [age7, age30, age60, age90];
                var labels = ['0-7 days old', '8-30 days old', '31-60 days old', '>60 days old'];

                var options = {
                        series: pdata,
                        labels: labels,
                        chart: {
                            type: 'donut',
                        },
                        plotOptions: {
                            pie: donutPlotOptions
                        },
                        responsive: [{
                            breakpoint: 480,
                            options: {
                                chart: {
                                    width: 300
                                },
                                legend: {
                                    position: 'bottom'
                                }
                            }
                        }]
                    };

                var chart = new ApexCharts(document.querySelector("#applicationEvaluationsChart"), options);
                chart.render();
            </script>
        </div>
    </div>

    <br><br><br><br>
    
    <br><br>

    <div>
    <h5>Security Policy Violations 8-30 Days</h5>
    <div class="container">
    <div class="row">
    <div class="col-xl mx-auto w-auto bg-white rounded">
    <div class="table-responsive table-wrapper-scroll-y custom-scrollbar">

        <table class="table table-striped table-bordered table-sm">
        <thead class="thead-dark">
        <tr>
            <th>Application Name</th>
            <th>Evaluation Date</th>
            <th>Stage</th>
        </tr>
        </thead>
        <tbody>
        <tr>
            <td>App1</td>
            <td>2021-10-05</td>
            <td>build</td>
        </tr>
        <tr>
            <td>Grandpa</td>
            <td>2021-10-05</td>
            <td>build</td>
        </tr>
        <tr>
            <td>Reports</td>
            <td>2021-10-05</td>
            <td>build</td>
        </tr>
        <tr>
            <td>SecretSauce</td>
            <td>2021-10-05</td>
            <td>build</td>
        </tr>
        <tr>
            <td>Success_Metrics</td>
            <td>2021-10-05</td>
            <td>build</td>
        </tr>
        <tr>
            <td>Successmetrics</td>
            <td>2021-10-05</td>
            <td>build</td>
        </tr>
        <tr>
            <td>TechEnablement</td>
            <td>2021-10-05</td>
            <td>build</td>
        </tr>
        <tr>
            <td>TradingApp</td>
            <td>2021-10-05</td>
            <td>build</td>
        </tr>
        <tr>
            <td>Webgoat-legacy</td>
            <td>2021-10-05</td>
            <td>build</td>
        </tr>
        <tr>
            <td>chesscom__cmorenoserrano</td>
            <td>2021-10-05</td>
            <td>source</td>
        </tr>
        <tr>
            <td>iq-config-as-code__cmorenoserrano</td>
            <td>2021-10-05</td>
            <td>source</td>
        </tr>
        <tr>
            <td>iq-recommendations__cmorenoserrano</td>
            <td>2021-10-05</td>
            <td>source</td>
        </tr>
        <tr>
            <td>se-scripts__cmorenoserrano</td>
            <td>2021-10-05</td>
            <td>source</td>
        </tr>
        <tr>
            <td>success-metrics__cmorenoserrano</td>
            <td>2021-10-05</td>
            <td>source</td>
        </tr>
        <tr>
            <td>vol-node-cpp__cryptogogue</td>
            <td>2021-10-05</td>
            <td>source</td>
        </tr>
        <tr>
            <td>vol-wallet-js__cryptogogue</td>
            <td>2021-10-05</td>
            <td>source</td>
        </tr>
        <tr>
            <td>volition__cmorenoserrano</td>
            <td>2021-10-05</td>
            <td>source</td>
        </tr>
        </tbody>
        </table>

    </div>
    </div>
    </div>
    </div>
    </div>
    <br><br>

    <div>
    <h5>Security Policy Violations 31-60 Days</h5>
    <div class="container">
    <div class="row">
    <div class="col-xl mx-auto w-auto bg-white rounded">
    <div class="table-responsive table-wrapper-scroll-y custom-scrollbar">

        <table class="table table-striped table-bordered table-sm">
        <thead class="thead-dark">
        <tr>
            <th>Application Name</th>
            <th>Evaluation Date</th>
            <th>Stage</th>
        </tr>
        </thead>
        <tbody>
        <tr>
            <td>Reports</td>
            <td>2021-08-23</td>
            <td>stage-release</td>
        </tr>
        <tr>
            <td>Success_Metrics</td>
            <td>2021-08-23</td>
            <td>release</td>
        </tr>
        <tr>
            <td>Webgoat-legacy</td>
            <td>2021-08-23</td>
            <td>release</td>
        </tr>
        </tbody>
        </table>

    </div>
    </div>
    </div>
    </div>
    </div>
    <br><br>

    
    <br><br>

   </body>
</html>
