<!DOCTYPE html>
<html lang="en">

<head>
<div><div>

    <meta charset="utf-8"/>
    <meta http-equiv="Content-Type" content="text/html; charset=ISO-8859-1"/>

    <script src="webjars/jquery/jquery.min.js"></script>
    <link href="webjars/bootstrap/css/bootstrap.min.css" rel="stylesheet" />
    <script src="webjars/bootstrap/js/bootstrap.min.js"></script>

    <script src="/webjars/apexcharts/3.28.1/dist/apexcharts.min.js"></script>
    <link rel="stylesheet" href="/css/apexcharts.css"/>

    <link href="/css/main.css" rel="stylesheet"/>

    <div class="text-center">
        <img class="displayed" src="images/sonatype.png"/>
        <title>Success Metrics</title>
        <h3>Success Metrics</h3>
        <h4></h4>
    </div>

    <script>
        var height = '700px'
        var width = '950px'

        var grid = {
            row: {
                colors: ['#f3f3f3', 'transparent'],
                opacity: 0.5
            }
        }

        var barchartlabels = {
            enabled: true,
            enabledOnSeries: undefined,
            formatter: function (val, opts) {
                return val
            },
            textAnchor: 'middle',
            distributed: false,
            offsetX: 0,
            offsetY: 0,
            style: {
                fontSize: '10px',
                fontFamily: 'Helvetica, Arial, sans-serif',
                fontWeight: 'bold',
                colors: ['#fff']
            },
            background: {
                enabled: false,
                foreColor: '#fff',
                padding: 4,
                borderRadius: 2,
                borderWidth: 2,
                borderColor: '#fff',
                opacity: 0.9,

            },

        }

        var barchart = {
            type: 'bar',
            height: height,
            width: width,
            zoom: {
                enabled: false
            }
        }

        var linechart = {
            type: 'line',
            height: height,
            width: width,
            zoom: {
                enabled: false
            }
        }

        var stackedbarchart = {
            type: 'bar',
            height: height,
            width: width,
            stacked: true,
            toolbar: {
                show: true
            },
            zoom: {
                enabled: true
            }
        }

        var legend = {
            position: 'top',
            horizontalAlign: 'left',
            offsetX: 120
        }

        var fillbar = {
            colors: '#0118FD'
        }

        var fillStacked = {
            colors: ['#F90707', '#F99A07', '#F9DC07']
        }

        var fillViolationsSummary = {
            colors: ['#FA0707', '#F99A07', '#08B005', '#0080FF'],
        }

        var donutPlotOptions = {
			expandOnClick: true,
			donut: {
				size: '45%',
					labels: {
						show: true,
						name: {
							show: true
						},
						value: {
							show: true
						},
						total: {
							show: true,
							showAlways: true,
							label: 'Total',
							fontSize: '10px',
							fontFamily: 'Helvetica, Arial, sans-serif',
							fontWeight: 400,
							color: '#373d3f',
							formatter: function (w) {
							    return w.globals.seriesTotals.reduce((a, b) => {
									return a + b
								}, 0)
							}
						}
					}
				}
			}

    </script>

</div></div>

</head>

<body>
	<div class="jumbotron">
	<h3>Analysis</h3>
    </div>

    <div>
    <div class="container">
    <div class="row">
    <div class="col-xl mx-auto bg-white rounded">
    <div class="table-responsive table-wrapper-scroll-y">

    <div>
    <div><div>

<table class="table table-striped table-hover" style="width:100%">
<colgroup>
       <col span="1" style="width: 40%;"/>
       <col span="1" style="width: 12%;"/>
       <col span="1" style="width: 12%;"/>
       <col span="1" style="width: 12%;"/>
       <col span="1" style="width: 12%;"/>
       <col span="1" style="width: 12%;"/>
    </colgroup>
        <thead class="thead-dark">
            <tr valign="top">
                <th scope="col">Measure</th>
                <th scope="col">Before <span style="color:grey;font-size:9px">(2021-01-01 - 2021-03-01)</span></th>
                <th scope="col">After <span style="color:grey;font-size:9px">(2021-04-01 - 2021-06-01)</span></th>
                <th scope="col">Delta</th>
                <th scope="col">Change (%)</th>
                <th scope="col">xTimes</th>

            </tr>
        </thead>
        <tbody>
            <tr style="font-weight:bold">
                <td>Total Onboarded Apps (# of apps)</td>
                <td>45</td>
                <td>128</td>
                <td>83</td>
                <td>184.44</td>
                <td>2.84</td>
            </tr>

            <tr style="font-weight:bold">
                <td>Onboarding Rate (apps/period)</td>
                <td>8.00</td>
                <td>27.67</td>
                <td>19.67</td>
                <td>0.00</td>
                <td>3.46</td>
            </tr>

             <tr style="font-weight:bold">
                <td>Total Scans</td>
                <td>711.0</td>
                <td>445.0</td>
                <td>-266</td>
                <td>-37.41</td>
                <td>0.63</td>
            </tr>

            <tr style="font-weight:bold">
                <td>Scanning Coverage %(apps scanned at least once/period)</td>
                <td>98.28</td>
                <td>37.06</td>
                <td>-61.22</td>
                <td>-62.29</td>
                <td>0.38</td>
            </tr>

            <tr style="font-weight:bold">
                <td>Scanning Rate (total scans per period)</td>
                <td>237.00</td>
                <td>148.33</td>
                <td>-88.67</td>
                <td>-37.41</td>
                <td>0.63</td>
            </tr>

            <tr style="font-weight:bold">
                <td>Average Scans per App (scanning rate/apps)</td>
                <td>5.27</td>
                <td>1.16</td>
                <td>-4.11</td>
                <td>-78.00</td>
                <td>0.22</td>
            </tr>

            <tr style="font-weight:bold">
                <td>Discovery Rate Criticals (# of discovered Critical violations/period &amp; app)</td>
                <td>11.52</td>
                <td>3.93</td>
                <td>-7.59</td>
                <td>-65.88</td>
                <td>0.34</td>
            </tr>

            <tr style="font-weight:bold">
                <td>Fixing Rate Criticals (# of fixed Critical violations/period &amp; app)</td>
                <td>2.93</td>
                <td>0.58</td>
                <td>-2.35</td>
                <td>-80.33</td>
                <td>0.20</td>
            </tr>

            <tr style="font-weight:bold">
                <td>Backlog Reduction Rate Criticals %(# of fixed / # of discovered)</td>
                <td>59.39</td>
                <td>12.67</td>
                <td>-46.72</td>
                <td>-78.66</td>
                <td>0.21</td>
            </tr>

            <tr style="font-weight:bold">
                <td>Risk Ratio (# of Critical violations / # of apps)</td>
                <td>25.711111111111112</td>
                <td>20.90625</td>
                <td>-4.804861111111112137450618320144712924957275390625</td>
                <td>-18.69</td>
                <td>0.81</td>
            </tr>

            <tr style="font-weight:bold">
                <td>MTTR Criticals (average # of days to fix Critical violations)</td>
                <td>22</td>
                <td>36</td>
                <td>14</td>
                <td>63.64</td>
                <td>1.64</td>
            </tr>

        </tbody>
    </table>


</div></div>
	</div>

    </div>

</body>
