<!DOCTYPE html>
<html lang="en">
<html>

<head>
<div><div>

    <meta charset="utf-8"/>
    <meta http-equiv="Content-Type" content="text/html; charset=ISO-8859-1"/>

    <script src="webjars/jquery/jquery.min.js"></script>
    <link href="webjars/bootstrap/css/bootstrap.min.css" rel="stylesheet" />
    <script src="webjars/bootstrap/js/bootstrap.min.js"></script>

    <script src="/webjars/apexcharts/3.28.1/dist/apexcharts.min.js"></script>
    <link rel="stylesheet" href="/css/apexcharts.css"/>

    <link href="/css/main.css" rel="stylesheet"/>

    <div class="text-center">
        <img class="displayed" src="images/sonatype.png"/>
        <title>Success Metrics</title>
        <h3>Success Metrics</h3>
        <h4></h4>
    </div>

    <script>
        var height = '700px'
        var width = '950px'

        var grid = {
            row: {
                colors: ['#f3f3f3', 'transparent'],
                opacity: 0.5
            }
        }

        var barchartlabels = {
            enabled: true,
            enabledOnSeries: undefined,
            formatter: function (val, opts) {
                return val
            },
            textAnchor: 'middle',
            distributed: false,
            offsetX: 0,
            offsetY: 0,
            style: {
                fontSize: '10px',
                fontFamily: 'Helvetica, Arial, sans-serif',
                fontWeight: 'bold',
                colors: ['#fff']
            },
            background: {
                enabled: false,
                foreColor: '#fff',
                padding: 4,
                borderRadius: 2,
                borderWidth: 2,
                borderColor: '#fff',
                opacity: 0.9,

            },

        }

        var barchart = {
            type: 'bar',
            height: height,
            width: width,
            zoom: {
                enabled: false
            }
        }

        var linechart = {
            type: 'line',
            height: height,
            width: width,
            zoom: {
                enabled: false
            }
        }

        var stackedbarchart = {
            type: 'bar',
            height: height,
            width: width,
            stacked: true,
            toolbar: {
                show: true
            },
            zoom: {
                enabled: true
            }
        }

        var legend = {
            position: 'top',
            horizontalAlign: 'left',
            offsetX: 120
        }

        var fillbar = {
            colors: '#0118FD'
        }

        var fillStacked = {
            colors: ['#F90707', '#F99A07', '#F9DC07']
        }

        var fillViolationsSummary = {
            colors: ['#FA0707', '#F99A07', '#08B005', '#0080FF'],
        }

        var donutPlotOptions = {
			expandOnClick: true,
			donut: {
				size: '45%',
					labels: {
						show: true,
						name: {
							show: true
						},
						value: {
							show: true
						},
						total: {
							show: true,
							showAlways: true,
							label: 'Total',
							fontSize: '10px',
							fontFamily: 'Helvetica, Arial, sans-serif',
							fontWeight: 400,
							color: '#373d3f',
							formatter: function (w) {
							    return w.globals.seriesTotals.reduce((a, b) => {
									return a + b
								}, 0)
							}
						}
					}
				}
			}

    </script>

</div></div>
</head>

   <body>

        <div class="jumbotron">
        <h4>Components Waivers Report</h4>
        </div>

        <div class="container">
        <div class="row">
        <div class="col-xl mx-auto w-auto bg-white rounded">
        <div class="table-responsive table-wrapper-scroll-y custom-scrollbar">

        <table class="table table-striped table-bordered table-sm" cellspacing="0" width="100%">
        <thead class="thead-dark">
            <tr>
                <th scope="col">Application Name</th>
                <th scope="col">Stage</th>
                <th scope="col">PackageUrl</th>
                <th scope="col">Policy Name</th>
                <th scope="col">Threat Level</th>
                <th scope="col">Create Date</th>
                <th scope="col">Expiry Date</th>
                <th scope="col">Comment</th>
            </tr>
            </thead>
            <tbody>
            <tr>
                <td>maven-central-fw</td>
                <td>proxy</td>
                <td>pkg:maven/java2html/j2h@1.3.1?type=jar</td>
                <td>Architecture-Quality</td>
                <td>1</td>
                <td></td>
                <td></td>
                <td>Related policy waiver not found. Please re-evaluate.</td>
            </tr>
            <tr>
                <td>maven-central-fw</td>
                <td>proxy</td>
                <td>pkg:maven/commons-collections/commons-collections@3.1?type=jar</td>
                <td>Security-Critical</td>
                <td>10</td>
                <td></td>
                <td></td>
                <td>Related policy waiver not found. Please re-evaluate.</td>
            </tr>
            <tr>
                <td>maven-central-fw</td>
                <td>proxy</td>
                <td>pkg:maven/log4j/log4j@1.2.17?type=jar</td>
                <td>Security-High</td>
                <td>9</td>
                <td></td>
                <td></td>
                <td>Related policy waiver not found. Please re-evaluate.</td>
            </tr>
            <tr>
                <td>wbg11</td>
                <td>source</td>
                <td>pkg:maven/axis/axis@1.2?type=jar</td>
                <td>Security-High</td>
                <td>9</td>
                <td>2022-01-27T09:49:12.863+0000</td>
                <td>2022-02-26T23:59:59.999+0000</td>
                <td></td>
            </tr>
            <tr>
                <td>wbg20</td>
                <td>source</td>
                <td>pkg:maven/axis/axis@1.2?type=jar</td>
                <td>Security-High</td>
                <td>9</td>
                <td>2022-01-27T09:49:12.863+0000</td>
                <td>2022-02-26T23:59:59.999+0000</td>
                <td></td>
            </tr>
            <tr>
                <td>webg2</td>
                <td>source</td>
                <td>pkg:maven/axis/axis@1.2?type=jar</td>
                <td>Security-High</td>
                <td>9</td>
                <td>2022-01-27T09:49:12.863+0000</td>
                <td>2022-02-26T23:59:59.999+0000</td>
                <td></td>
            </tr>
            <tr>
                <td>webgoat2a__solao</td>
                <td>source</td>
                <td>pkg:maven/axis/axis@1.2?type=jar</td>
                <td>Security-High</td>
                <td>9</td>
                <td>2022-01-27T09:49:12.863+0000</td>
                <td>2022-02-26T23:59:59.999+0000</td>
                <td></td>
            </tr>
            <tr>
                <td>webgoat2b__solao</td>
                <td>source</td>
                <td>pkg:maven/axis/axis@1.2?type=jar</td>
                <td>Security-High</td>
                <td>9</td>
                <td>2022-01-27T09:49:12.863+0000</td>
                <td>2022-02-26T23:59:59.999+0000</td>
                <td></td>
            </tr>
            <tr>
                <td>webgoat3__solao</td>
                <td>source</td>
                <td>pkg:maven/axis/axis@1.2?type=jar</td>
                <td>Security-High</td>
                <td>9</td>
                <td>2022-01-27T09:49:12.863+0000</td>
                <td>2022-02-26T23:59:59.999+0000</td>
                <td></td>
            </tr>
            <tr>
                <td>webgoat4__solao</td>
                <td>source</td>
                <td>pkg:maven/axis/axis@1.2?type=jar</td>
                <td>Security-High</td>
                <td>9</td>
                <td>2022-01-27T09:49:12.863+0000</td>
                <td>2022-02-26T23:59:59.999+0000</td>
                <td></td>
            </tr>
            <tr>
                <td>wg-remed</td>
                <td>build</td>
                <td>pkg:maven/apache-collections/commons-collections@3.1?type=jar</td>
                <td>Security-Critical</td>
                <td>10</td>
                <td>2021-12-14T10:48:15.531+0000</td>
                <td>2022-02-12T23:59:59.999+0000</td>
                <td></td>
            </tr>
            <tr>
                <td>wg1</td>
                <td>source</td>
                <td>pkg:maven/axis/axis@1.2?type=jar</td>
                <td>Security-High</td>
                <td>9</td>
                <td>2022-01-27T09:49:12.863+0000</td>
                <td>2022-02-26T23:59:59.999+0000</td>
                <td></td>
            </tr>
            <tr>
                <td>wg10</td>
                <td>source</td>
                <td>pkg:maven/axis/axis@1.2?type=jar</td>
                <td>Security-High</td>
                <td>9</td>
                <td>2022-01-27T09:49:12.863+0000</td>
                <td>2022-02-26T23:59:59.999+0000</td>
                <td></td>
            </tr>
            <tr>
                <td>wg3</td>
                <td>build</td>
                <td>pkg:maven/com.h2database/h2@1.4.187?type=jar</td>
                <td>Security-Critical</td>
                <td>10</td>
                <td>2022-02-09T18:38:57.806+0000</td>
                <td>2022-02-16T00:00:00.000+0000</td>
                <td>test adding a waiver</td>
            </tr>
            <tr>
                <td>wg3</td>
                <td>build</td>
                <td>pkg:maven/axis/axis@1.2?type=jar</td>
                <td>Security-High</td>
                <td>9</td>
                <td>2022-01-27T09:49:12.863+0000</td>
                <td>2022-02-26T23:59:59.999+0000</td>
                <td></td>
            </tr>
            </tbody>
        </table>

        </div>
        </div>
        </div>
        </div>

    </body>
</html>
