<!DOCTYPE html>
<html lang="en">
<html>

<head>
<div><div>

    <meta charset="utf-8"/>
    <meta http-equiv="Content-Type" content="text/html; charset=ISO-8859-1"/>

    <script src="webjars/jquery/jquery.min.js"></script>
    <link href="webjars/bootstrap/css/bootstrap.min.css" rel="stylesheet" />
    <script src="webjars/bootstrap/js/bootstrap.min.js"></script>

    <script src="/webjars/apexcharts/3.28.1/dist/apexcharts.min.js"></script>
    <link rel="stylesheet" href="/css/apexcharts.css"/>

    <link href="/css/main.css" rel="stylesheet"/>

    <div class="text-center">
        <img class="displayed" src="images/sonatype.png"/>
        <title>Success Metrics</title>
        <h3>Success Metrics</h3>
        <h4></h4>
    </div>

    <script>
        var height = '700px'
        var width = '950px'

        var grid = {
            row: {
                colors: ['#f3f3f3', 'transparent'],
                opacity: 0.5
            }
        }

        var barchartlabels = {
            enabled: true,
            enabledOnSeries: undefined,
            formatter: function (val, opts) {
                return val
            },
            textAnchor: 'middle',
            distributed: false,
            offsetX: 0,
            offsetY: 0,
            style: {
                fontSize: '10px',
                fontFamily: 'Helvetica, Arial, sans-serif',
                fontWeight: 'bold',
                colors: ['#fff']
            },
            background: {
                enabled: false,
                foreColor: '#fff',
                padding: 4,
                borderRadius: 2,
                borderWidth: 2,
                borderColor: '#fff',
                opacity: 0.9,

            },

        }

        var barchart = {
            type: 'bar',
            height: height,
            width: width,
            zoom: {
                enabled: false
            }
        }

        var linechart = {
            type: 'line',
            height: height,
            width: width,
            zoom: {
                enabled: false
            }
        }

        var stackedbarchart = {
            type: 'bar',
            height: height,
            width: width,
            stacked: true,
            toolbar: {
                show: true
            },
            zoom: {
                enabled: true
            }
        }

        var legend = {
            position: 'top',
            horizontalAlign: 'left',
            offsetX: 120
        }

        var fillbar = {
            colors: '#0118FD'
        }

        var fillStacked = {
            colors: ['#F90707', '#F99A07', '#F9DC07']
        }

        var fillViolationsSummary = {
            colors: ['#FA0707', '#F99A07', '#08B005', '#0080FF'],
        }

        var donutPlotOptions = {
			expandOnClick: true,
			donut: {
				size: '45%',
					labels: {
						show: true,
						name: {
							show: true
						},
						value: {
							show: true
						},
						total: {
							show: true,
							showAlways: true,
							label: 'Total',
							fontSize: '10px',
							fontFamily: 'Helvetica, Arial, sans-serif',
							fontWeight: 400,
							color: '#373d3f',
							formatter: function (w) {
							    return w.globals.seriesTotals.reduce((a, b) => {
									return a + b
								}, 0)
							}
						}
					}
				}
			}

    </script>

</div></div>
</head>

   <body>

      <div class="jumbotron">
      <h4>Policy Violations Age</h4>
      </div>

      <div class="chart-container" style="margin-left: 100px; width:40vw">

    	<div id="securityAgeChart" width="400" height="400"></div>
      	<script>
	      	var age90 = 0;
	    	var age60 = 22;
	    	var age30 = 100;
	    	var age7 = 0;

	     	var pdata = [age7, age30, age60, age90];
	     	var labels = ['0-7 days old', '8-30 days old', '31-60 days old', '>60 days old'];

			var options = {
				series: pdata,
				labels: labels,
				chart: {
					type: 'donut',
				 },
				 plotOptions: {
					pie: donutPlotOptions
				},
				responsive: [{
					breakpoint: 480,
					options: {
						chart: {
							width: 300
						},
						legend: {
							position: 'bottom'
						}
					}
				}]
			};

			var chart = new ApexCharts(document.querySelector("#securityAgeChart"), options);
			chart.render();
		</script>

      </div>


<br><br><br><br>

<br><br>

<div>
<h5>Security Policy Violations 8-30 Days</h5>
<div class="container">
<div class="row">
<div class="col-xl mx-auto w-auto bg-white rounded">
<div class="table-responsive table-wrapper-scroll-y custom-scrollbar">

	<table class="table table-striped table-bordered table-sm">
    <thead class="thead-dark">
    <tr>
		<th>Policy Name</th>
		<th>Reason</th>
		<th>Application Name</th>
		<th>Component Name</th>
		<th>Open Time</th>
		<th>Stage</th>
	</tr>
    </thead>
    <tbody>
    <tr>
		<td>Security-Medium</td>
      	<td>sonatype-2012-0015</td>
      	<td>nexusiq-successmetrics__sonatype-nexus-community</td>
      	<td>pkg:maven/org.webjars/bootstrap@4.5.0?type=jar</td>
		<td>2022-02-01</td>
		<td>source</td>
    </tr>
    <tr>
		<td>Security-Medium</td>
      	<td>CVE-2022-24303</td>
      	<td>summary-metrics__sonatype</td>
      	<td>pkg:pypi/pillow@9.0.0?extension=whl&amp;qualifier=cp310-cp310-win_amd64</td>
		<td>2022-02-08</td>
		<td>source</td>
    </tr>
    <tr>
		<td>Security-Medium</td>
      	<td>CVE-2022-24303</td>
      	<td>summary-metrics__sonatype</td>
      	<td>pkg:pypi/pillow@9.0.0?extension=whl&amp;qualifier=cp310-cp310-manylinux_2_17_x86_64.manylinux2014_x86_64</td>
		<td>2022-02-08</td>
		<td>source</td>
    </tr>
    <tr>
		<td>Security-Medium</td>
      	<td>CVE-2022-24303</td>
      	<td>summary-metrics__sonatype</td>
      	<td>pkg:pypi/pillow@9.0.0?extension=whl&amp;qualifier=cp37-cp37m-manylinux_2_17_aarch64.manylinux2014_aarch64</td>
		<td>2022-02-08</td>
		<td>source</td>
    </tr>
    <tr>
		<td>Security-Medium</td>
      	<td>CVE-2022-24303</td>
      	<td>summary-metrics__sonatype</td>
      	<td>pkg:pypi/pillow@9.0.0?extension=whl&amp;qualifier=cp37-cp37m-macosx_10_10_x86_64</td>
		<td>2022-02-08</td>
		<td>source</td>
    </tr>
    <tr>
		<td>Security-Medium</td>
      	<td>CVE-2022-24303</td>
      	<td>summary-metrics__sonatype</td>
      	<td>pkg:pypi/pillow@9.0.0?extension=tar.gz</td>
		<td>2022-02-08</td>
		<td>source</td>
    </tr>
    <tr>
		<td>Security-Medium</td>
      	<td>CVE-2022-24303</td>
      	<td>summary-metrics__sonatype</td>
      	<td>pkg:pypi/pillow@9.0.0?extension=whl&amp;qualifier=cp37-cp37m-manylinux_2_17_i686.manylinux2014_i686</td>
		<td>2022-02-08</td>
		<td>source</td>
    </tr>
    <tr>
		<td>Security-Medium</td>
      	<td>CVE-2022-24303</td>
      	<td>summary-metrics__sonatype</td>
      	<td>pkg:pypi/pillow@9.0.0?extension=whl&amp;qualifier=pp37-pypy37_pp73-macosx_10_10_x86_64</td>
		<td>2022-02-08</td>
		<td>source</td>
    </tr>
    <tr>
		<td>Security-Medium</td>
      	<td>CVE-2022-24303</td>
      	<td>summary-metrics__sonatype</td>
      	<td>pkg:pypi/pillow@9.0.0?extension=whl&amp;qualifier=cp38-cp38-manylinux_2_17_x86_64.manylinux2014_x86_64</td>
		<td>2022-02-08</td>
		<td>source</td>
    </tr>
    <tr>
		<td>Security-Medium</td>
      	<td>CVE-2022-24303</td>
      	<td>summary-metrics__sonatype</td>
      	<td>pkg:pypi/pillow@9.0.0?extension=whl&amp;qualifier=cp39-cp39-manylinux_2_17_i686.manylinux2014_i686</td>
		<td>2022-02-08</td>
		<td>source</td>
    </tr>
    <tr>
		<td>Security-Medium</td>
      	<td>CVE-2022-24303</td>
      	<td>summary-metrics__sonatype</td>
      	<td>pkg:pypi/pillow@9.0.0?extension=whl&amp;qualifier=cp39-cp39-win_amd64</td>
		<td>2022-02-08</td>
		<td>source</td>
    </tr>
    <tr>
		<td>Security-Medium</td>
      	<td>CVE-2022-24303</td>
      	<td>summary-metrics__sonatype</td>
      	<td>pkg:pypi/pillow@9.0.0?extension=whl&amp;qualifier=pp37-pypy37_pp73-manylinux_2_17_x86_64.manylinux2014_x86_64</td>
		<td>2022-02-08</td>
		<td>source</td>
    </tr>
    <tr>
		<td>Security-Medium</td>
      	<td>CVE-2022-24303</td>
      	<td>summary-metrics__sonatype</td>
      	<td>pkg:pypi/pillow@9.0.0?extension=whl&amp;qualifier=cp310-cp310-macosx_10_10_universal2</td>
		<td>2022-02-08</td>
		<td>source</td>
    </tr>
    <tr>
		<td>Security-Medium</td>
      	<td>CVE-2022-24303</td>
      	<td>summary-metrics__sonatype</td>
      	<td>pkg:pypi/pillow@9.0.0?extension=whl&amp;qualifier=cp37-cp37m-manylinux_2_17_x86_64.manylinux2014_x86_64</td>
		<td>2022-02-08</td>
		<td>source</td>
    </tr>
    <tr>
		<td>Security-Medium</td>
      	<td>CVE-2022-24303</td>
      	<td>summary-metrics__sonatype</td>
      	<td>pkg:pypi/pillow@9.0.0?extension=whl&amp;qualifier=cp310-cp310-win32</td>
		<td>2022-02-08</td>
		<td>source</td>
    </tr>
    <tr>
		<td>Security-Medium</td>
      	<td>CVE-2022-24303</td>
      	<td>summary-metrics__sonatype</td>
      	<td>pkg:pypi/pillow@9.0.0?extension=whl&amp;qualifier=cp38-cp38-win32</td>
		<td>2022-02-08</td>
		<td>source</td>
    </tr>
    <tr>
		<td>Security-Medium</td>
      	<td>CVE-2022-24303</td>
      	<td>summary-metrics__sonatype</td>
      	<td>pkg:pypi/pillow@9.0.0?extension=whl&amp;qualifier=cp310-cp310-manylinux_2_17_i686.manylinux2014_i686</td>
		<td>2022-02-08</td>
		<td>source</td>
    </tr>
    <tr>
		<td>Security-Medium</td>
      	<td>sonatype-2014-0148</td>
      	<td>summary-metrics__sonatype</td>
      	<td>pkg:pypi/setuptools@59.0.1?extension=tar.gz</td>
		<td>2022-02-02</td>
		<td>source</td>
    </tr>
    <tr>
		<td>Security-Medium</td>
      	<td>CVE-2022-24303</td>
      	<td>summary-metrics__sonatype</td>
      	<td>pkg:pypi/pillow@9.0.0?extension=whl&amp;qualifier=cp310-cp310-manylinux_2_17_aarch64.manylinux2014_aarch64</td>
		<td>2022-02-08</td>
		<td>source</td>
    </tr>
    <tr>
		<td>Security-Medium</td>
      	<td>CVE-2022-24303</td>
      	<td>summary-metrics__sonatype</td>
      	<td>pkg:pypi/pillow@9.0.0?extension=whl&amp;qualifier=cp39-cp39-macosx_10_10_x86_64</td>
		<td>2022-02-08</td>
		<td>source</td>
    </tr>
    <tr>
		<td>Security-Medium</td>
      	<td>CVE-2022-24303</td>
      	<td>summary-metrics__sonatype</td>
      	<td>pkg:pypi/pillow@9.0.0?extension=whl&amp;qualifier=cp37-cp37m-win32</td>
		<td>2022-02-08</td>
		<td>source</td>
    </tr>
    <tr>
		<td>Security-Medium</td>
      	<td>CVE-2022-24303</td>
      	<td>summary-metrics__sonatype</td>
      	<td>pkg:pypi/pillow@9.0.0?extension=whl&amp;qualifier=cp38-cp38-manylinux_2_17_aarch64.manylinux2014_aarch64</td>
		<td>2022-02-08</td>
		<td>source</td>
    </tr>
    <tr>
		<td>Security-Medium</td>
      	<td>CVE-2022-24303</td>
      	<td>summary-metrics__sonatype</td>
      	<td>pkg:pypi/pillow@9.0.0?extension=whl&amp;qualifier=cp38-cp38-macosx_10_10_x86_64</td>
		<td>2022-02-08</td>
		<td>source</td>
    </tr>
    <tr>
		<td>Security-Medium</td>
      	<td>CVE-2022-24303</td>
      	<td>summary-metrics__sonatype</td>
      	<td>pkg:pypi/pillow@9.0.0?extension=whl&amp;qualifier=cp39-cp39-macosx_11_0_arm64</td>
		<td>2022-02-08</td>
		<td>source</td>
    </tr>
    <tr>
		<td>Security-Medium</td>
      	<td>CVE-2022-24303</td>
      	<td>summary-metrics__sonatype</td>
      	<td>pkg:pypi/pillow@9.0.0?extension=whl&amp;qualifier=cp37-cp37m-win_amd64</td>
		<td>2022-02-08</td>
		<td>source</td>
    </tr>
    <tr>
		<td>Security-Medium</td>
      	<td>CVE-2022-24303</td>
      	<td>summary-metrics__sonatype</td>
      	<td>pkg:pypi/pillow@9.0.0?extension=whl&amp;qualifier=cp39-cp39-win32</td>
		<td>2022-02-08</td>
		<td>source</td>
    </tr>
    <tr>
		<td>Security-Medium</td>
      	<td>CVE-2022-24303</td>
      	<td>summary-metrics__sonatype</td>
      	<td>pkg:pypi/pillow@9.0.0?extension=whl&amp;qualifier=cp39-cp39-manylinux_2_17_aarch64.manylinux2014_aarch64</td>
		<td>2022-02-08</td>
		<td>source</td>
    </tr>
    <tr>
		<td>Security-Medium</td>
      	<td>CVE-2022-24303</td>
      	<td>summary-metrics__sonatype</td>
      	<td>pkg:pypi/pillow@9.0.0?extension=whl&amp;qualifier=cp38-cp38-manylinux_2_17_i686.manylinux2014_i686</td>
		<td>2022-02-08</td>
		<td>source</td>
    </tr>
    <tr>
		<td>Security-Medium</td>
      	<td>CVE-2022-24303</td>
      	<td>summary-metrics__sonatype</td>
      	<td>pkg:pypi/pillow@9.0.0?extension=whl&amp;qualifier=cp38-cp38-win_amd64</td>
		<td>2022-02-08</td>
		<td>source</td>
    </tr>
    <tr>
		<td>Security-Medium</td>
      	<td>sonatype-2014-0148</td>
      	<td>summary-metrics__sonatype</td>
      	<td>pkg:pypi/setuptools@59.0.1?extension=whl&amp;qualifier=py3-none-any</td>
		<td>2022-02-02</td>
		<td>source</td>
    </tr>
    <tr>
		<td>Security-Medium</td>
      	<td>CVE-2022-24303</td>
      	<td>summary-metrics__sonatype</td>
      	<td>pkg:pypi/pillow@9.0.0?extension=whl&amp;qualifier=cp39-cp39-manylinux_2_17_x86_64.manylinux2014_x86_64</td>
		<td>2022-02-08</td>
		<td>source</td>
    </tr>
    <tr>
		<td>Security-Medium</td>
      	<td>CVE-2022-24303</td>
      	<td>summary-metrics__sonatype</td>
      	<td>pkg:pypi/pillow@9.0.0?extension=whl&amp;qualifier=cp310-cp310-macosx_11_0_arm64</td>
		<td>2022-02-08</td>
		<td>source</td>
    </tr>
    <tr>
		<td>Security-Medium</td>
      	<td>CVE-2022-24303</td>
      	<td>summary-metrics__sonatype</td>
      	<td>pkg:pypi/pillow@9.0.0?extension=whl&amp;qualifier=pp38-pypy38_pp73-win_amd64</td>
		<td>2022-02-08</td>
		<td>source</td>
    </tr>
    <tr>
		<td>Security-Medium</td>
      	<td>CVE-2022-24303</td>
      	<td>summary-metrics__sonatype</td>
      	<td>pkg:pypi/pillow@9.0.0?extension=whl&amp;qualifier=cp38-cp38-macosx_11_0_arm64</td>
		<td>2022-02-08</td>
		<td>source</td>
    </tr>
    <tr>
		<td>Security-Medium</td>
      	<td>CVE-2022-24303</td>
      	<td>summary-metrics__sonatype</td>
      	<td>pkg:pypi/pillow@9.0.0?extension=whl&amp;qualifier=pp37-pypy37_pp73-manylinux_2_17_i686.manylinux2014_i686</td>
		<td>2022-02-08</td>
		<td>source</td>
    </tr>
    <tr>
		<td>Security-Medium</td>
      	<td>CVE-2020-0187</td>
      	<td>WebGoat__rpanman-sonatype</td>
      	<td>pkg:maven/org.bouncycastle/bcprov-jdk15on@1.65?type=jar</td>
		<td>2022-02-14</td>
		<td>build</td>
    </tr>
    <tr>
		<td>Security-Medium</td>
      	<td>CVE-2020-15522</td>
      	<td>WebGoat__rpanman-sonatype</td>
      	<td>pkg:maven/org.bouncycastle/bcprov-jdk15on@1.65?type=jar</td>
		<td>2022-02-14</td>
		<td>build</td>
    </tr>
    <tr>
		<td>Security-Medium</td>
      	<td>sonatype-2020-0770</td>
      	<td>WebGoat__rpanman-sonatype</td>
      	<td>pkg:maven/org.bouncycastle/bcprov-jdk15on@1.65?type=jar</td>
		<td>2022-02-14</td>
		<td>build</td>
    </tr>
    <tr>
		<td>Security-Medium</td>
      	<td>CVE-2020-11023</td>
      	<td>WebGoat__rpanman-sonatype</td>
      	<td>pkg:a-name/org.webjars%20jquery@1.10.2</td>
		<td>2022-02-14</td>
		<td>build</td>
    </tr>
    <tr>
		<td>Security-Medium</td>
      	<td>sonatype-2014-0026</td>
      	<td>WebGoat__rpanman-sonatype</td>
      	<td>pkg:a-name/org.webjars%20jquery@1.10.2</td>
		<td>2022-02-14</td>
		<td>build</td>
    </tr>
    <tr>
		<td>Security-Medium</td>
      	<td>CVE-2020-11023</td>
      	<td>WebGoat__rpanman-sonatype</td>
      	<td>pkg:a-name/jquery@2.1.4</td>
		<td>2022-02-14</td>
		<td>build</td>
    </tr>
    <tr>
		<td>Security-Medium</td>
      	<td>sonatype-2015-0247</td>
      	<td>WebGoat__rpanman-sonatype</td>
      	<td>pkg:maven/org.asciidoctor/asciidoctorj@2.4.3?type=jar</td>
		<td>2022-02-14</td>
		<td>build</td>
    </tr>
    <tr>
		<td>Security-Medium</td>
      	<td>sonatype-2018-0601</td>
      	<td>WebGoat__rpanman-sonatype</td>
      	<td>pkg:maven/org.asciidoctor/asciidoctorj@2.4.3?type=jar</td>
		<td>2022-02-14</td>
		<td>build</td>
    </tr>
    <tr>
		<td>Security-Medium</td>
      	<td>CVE-2020-26259</td>
      	<td>WebGoat__rpanman-sonatype</td>
      	<td>pkg:maven/com.thoughtworks.xstream/xstream@1.4.5?type=jar</td>
		<td>2022-02-14</td>
		<td>build</td>
    </tr>
    <tr>
		<td>Security-Medium</td>
      	<td>CVE-2016-6311</td>
      	<td>WebGoat__rpanman-sonatype</td>
      	<td>pkg:maven/io.undertow/undertow-core@2.2.4.Final?type=jar</td>
		<td>2022-02-14</td>
		<td>build</td>
    </tr>
    <tr>
		<td>Security-Medium</td>
      	<td>CVE-2021-3597</td>
      	<td>WebGoat__rpanman-sonatype</td>
      	<td>pkg:maven/io.undertow/undertow-core@2.2.4.Final?type=jar</td>
		<td>2022-02-14</td>
		<td>build</td>
    </tr>
    <tr>
		<td>Security-Medium</td>
      	<td>sonatype-2021-4517</td>
      	<td>WebGoat__rpanman-sonatype</td>
      	<td>pkg:maven/ch.qos.logback/logback-classic@1.2.3?type=jar</td>
		<td>2022-02-14</td>
		<td>build</td>
    </tr>
    <tr>
		<td>Security-Medium</td>
      	<td>CVE-2012-2098</td>
      	<td>WebGoat__rpanman-sonatype</td>
      	<td>pkg:maven/ant/ant@1.6.5?type=jar</td>
		<td>2022-02-14</td>
		<td>build</td>
    </tr>
    <tr>
		<td>Security-Medium</td>
      	<td>sonatype-2018-0330</td>
      	<td>WebGoat__rpanman-sonatype</td>
      	<td>pkg:maven/ant/ant@1.6.5?type=jar</td>
		<td>2022-02-14</td>
		<td>build</td>
    </tr>
    <tr>
		<td>Security-Medium</td>
      	<td>sonatype-2021-1446</td>
      	<td>WebGoat__rpanman-sonatype</td>
      	<td>pkg:maven/ch.qos.logback/logback-core@1.2.3?type=jar</td>
		<td>2022-02-14</td>
		<td>build</td>
    </tr>
    <tr>
		<td>Security-Medium</td>
      	<td>sonatype-2021-4517</td>
      	<td>WebGoat__rpanman-sonatype</td>
      	<td>pkg:maven/ch.qos.logback/logback-core@1.2.3?type=jar</td>
		<td>2022-02-14</td>
		<td>build</td>
    </tr>
    <tr>
		<td>Security-Medium</td>
      	<td>sonatype-2020-0492</td>
      	<td>WebGoat__rpanman-sonatype</td>
      	<td>pkg:maven/org.thymeleaf.extras/thymeleaf-extras-springsecurity5@3.0.4.RELEASE?type=jar</td>
		<td>2022-02-14</td>
		<td>build</td>
    </tr>
    <tr>
		<td>Security-Medium</td>
      	<td>CVE-2021-22060</td>
      	<td>WebGoat__rpanman-sonatype</td>
      	<td>pkg:maven/org.springframework/spring-webmvc@5.3.4?type=jar</td>
		<td>2022-02-14</td>
		<td>build</td>
    </tr>
    <tr>
		<td>Security-Medium</td>
      	<td>CVE-2020-5408</td>
      	<td>WebGoat__rpanman-sonatype</td>
      	<td>pkg:maven/org.springframework.security/spring-security-core@5.4.5?type=jar</td>
		<td>2022-02-14</td>
		<td>build</td>
    </tr>
    <tr>
		<td>Security-Medium</td>
      	<td>sonatype-2015-0356</td>
      	<td>WebGoat__rpanman-sonatype</td>
      	<td>pkg:a-name/jquery-form@3.50.0</td>
		<td>2022-02-14</td>
		<td>build</td>
    </tr>
    <tr>
		<td>Security-Medium</td>
      	<td>CVE-2018-14042</td>
      	<td>WebGoat__rpanman-sonatype</td>
      	<td>pkg:a-name/org.webjars%20bootstrap@3.1.1</td>
		<td>2022-02-14</td>
		<td>build</td>
    </tr>
    <tr>
		<td>Security-Medium</td>
      	<td>CVE-2018-20676</td>
      	<td>WebGoat__rpanman-sonatype</td>
      	<td>pkg:a-name/org.webjars%20bootstrap@3.1.1</td>
		<td>2022-02-14</td>
		<td>build</td>
    </tr>
    <tr>
		<td>Security-Medium</td>
      	<td>CVE-2019-8331</td>
      	<td>WebGoat__rpanman-sonatype</td>
      	<td>pkg:a-name/org.webjars%20bootstrap@3.1.1</td>
		<td>2022-02-14</td>
		<td>build</td>
    </tr>
    <tr>
		<td>Security-Medium</td>
      	<td>sonatype-2016-0129</td>
      	<td>WebGoat__rpanman-sonatype</td>
      	<td>pkg:a-name/org.webjars%20bootstrap@3.1.1</td>
		<td>2022-02-14</td>
		<td>build</td>
    </tr>
    <tr>
		<td>Security-Medium</td>
      	<td>sonatype-2018-0607</td>
      	<td>WebGoat__rpanman-sonatype</td>
      	<td>pkg:a-name/org.webjars%20bootstrap@3.1.1</td>
		<td>2022-02-14</td>
		<td>build</td>
    </tr>
    <tr>
		<td>Security-Medium</td>
      	<td>CVE-2020-0187</td>
      	<td>WebGoat__rpanman-sonatype</td>
      	<td>pkg:maven/org.jruby/jruby-stdlib@9.2.14.0?type=jar</td>
		<td>2022-02-14</td>
		<td>build</td>
    </tr>
    <tr>
		<td>Security-Medium</td>
      	<td>CVE-2020-15522</td>
      	<td>WebGoat__rpanman-sonatype</td>
      	<td>pkg:maven/org.jruby/jruby-stdlib@9.2.14.0?type=jar</td>
		<td>2022-02-14</td>
		<td>build</td>
    </tr>
    <tr>
		<td>Security-Medium</td>
      	<td>CVE-2020-8130</td>
      	<td>WebGoat__rpanman-sonatype</td>
      	<td>pkg:maven/org.jruby/jruby-stdlib@9.2.14.0?type=jar</td>
		<td>2022-02-14</td>
		<td>build</td>
    </tr>
    <tr>
		<td>Security-Medium</td>
      	<td>sonatype-2013-0074</td>
      	<td>WebGoat__rpanman-sonatype</td>
      	<td>pkg:maven/org.jruby/jruby-stdlib@9.2.14.0?type=jar</td>
		<td>2022-02-14</td>
		<td>build</td>
    </tr>
    <tr>
		<td>Security-Medium</td>
      	<td>sonatype-2020-0770</td>
      	<td>WebGoat__rpanman-sonatype</td>
      	<td>pkg:maven/org.jruby/jruby-stdlib@9.2.14.0?type=jar</td>
		<td>2022-02-14</td>
		<td>build</td>
    </tr>
    <tr>
		<td>Security-Medium</td>
      	<td>sonatype-2020-0244</td>
      	<td>WebGoat__rpanman-sonatype</td>
      	<td>pkg:maven/org.jruby.joni/joni@2.1.31?type=jar</td>
		<td>2022-02-14</td>
		<td>build</td>
    </tr>
    <tr>
		<td>Security-Medium</td>
      	<td>CVE-2021-22096</td>
      	<td>WebGoat__rpanman-sonatype</td>
      	<td>pkg:maven/org.springframework/spring-web@5.3.4?type=jar</td>
		<td>2022-02-14</td>
		<td>build</td>
    </tr>
    <tr>
		<td>Security-Medium</td>
      	<td>CVE-2020-8130</td>
      	<td>WebGoat__rpanman-sonatype</td>
      	<td>pkg:gem/rake@12.3.2?platform=ruby</td>
		<td>2022-02-14</td>
		<td>build</td>
    </tr>
    <tr>
		<td>Security-High</td>
      	<td>CVE-2021-3690</td>
      	<td>WebGoat__rpanman-sonatype</td>
      	<td>pkg:maven/io.undertow/undertow-websockets-jsr@2.2.4.Final?type=jar</td>
		<td>2022-02-14</td>
		<td>build</td>
    </tr>
    <tr>
		<td>Security-High</td>
      	<td>CVE-2020-28052</td>
      	<td>WebGoat__rpanman-sonatype</td>
      	<td>pkg:maven/org.bouncycastle/bcprov-jdk15on@1.65?type=jar</td>
		<td>2022-02-14</td>
		<td>build</td>
    </tr>
    <tr>
		<td>Security-High</td>
      	<td>sonatype-2019-0115</td>
      	<td>WebGoat__rpanman-sonatype</td>
      	<td>pkg:a-name/org.webjars%20jquery@1.10.2</td>
		<td>2022-02-14</td>
		<td>build</td>
    </tr>
    <tr>
		<td>Security-High</td>
      	<td>CVE-2015-3649</td>
      	<td>WebGoat__rpanman-sonatype</td>
      	<td>pkg:maven/org.asciidoctor/asciidoctorj@2.4.3?type=jar</td>
		<td>2022-02-14</td>
		<td>build</td>
    </tr>
    <tr>
		<td>Security-High</td>
      	<td>sonatype-2021-4771</td>
      	<td>WebGoat__rpanman-sonatype</td>
      	<td>pkg:maven/org.asciidoctor/asciidoctorj@2.4.3?type=jar</td>
		<td>2022-02-14</td>
		<td>build</td>
    </tr>
    <tr>
		<td>Security-High</td>
      	<td>sonatype-2021-4682</td>
      	<td>WebGoat__rpanman-sonatype</td>
      	<td>pkg:maven/com.fasterxml.jackson.core/jackson-databind@2.11.4?type=jar</td>
		<td>2022-02-14</td>
		<td>build</td>
    </tr>
    <tr>
		<td>Security-High</td>
      	<td>CVE-2016-3674</td>
      	<td>WebGoat__rpanman-sonatype</td>
      	<td>pkg:maven/com.thoughtworks.xstream/xstream@1.4.5?type=jar</td>
		<td>2022-02-14</td>
		<td>build</td>
    </tr>
    <tr>
		<td>Security-High</td>
      	<td>CVE-2017-7957</td>
      	<td>WebGoat__rpanman-sonatype</td>
      	<td>pkg:maven/com.thoughtworks.xstream/xstream@1.4.5?type=jar</td>
		<td>2022-02-14</td>
		<td>build</td>
    </tr>
    <tr>
		<td>Security-High</td>
      	<td>CVE-2020-26217</td>
      	<td>WebGoat__rpanman-sonatype</td>
      	<td>pkg:maven/com.thoughtworks.xstream/xstream@1.4.5?type=jar</td>
		<td>2022-02-14</td>
		<td>build</td>
    </tr>
    <tr>
		<td>Security-High</td>
      	<td>CVE-2020-26258</td>
      	<td>WebGoat__rpanman-sonatype</td>
      	<td>pkg:maven/com.thoughtworks.xstream/xstream@1.4.5?type=jar</td>
		<td>2022-02-14</td>
		<td>build</td>
    </tr>
    <tr>
		<td>Security-High</td>
      	<td>CVE-2021-21343</td>
      	<td>WebGoat__rpanman-sonatype</td>
      	<td>pkg:maven/com.thoughtworks.xstream/xstream@1.4.5?type=jar</td>
		<td>2022-02-14</td>
		<td>build</td>
    </tr>
    <tr>
		<td>Security-High</td>
      	<td>CVE-2021-21348</td>
      	<td>WebGoat__rpanman-sonatype</td>
      	<td>pkg:maven/com.thoughtworks.xstream/xstream@1.4.5?type=jar</td>
		<td>2022-02-14</td>
		<td>build</td>
    </tr>
    <tr>
		<td>Security-High</td>
      	<td>CVE-2021-21349</td>
      	<td>WebGoat__rpanman-sonatype</td>
      	<td>pkg:maven/com.thoughtworks.xstream/xstream@1.4.5?type=jar</td>
		<td>2022-02-14</td>
		<td>build</td>
    </tr>
    <tr>
		<td>Security-High</td>
      	<td>CVE-2021-43859</td>
      	<td>WebGoat__rpanman-sonatype</td>
      	<td>pkg:maven/com.thoughtworks.xstream/xstream@1.4.5?type=jar</td>
		<td>2022-02-14</td>
		<td>build</td>
    </tr>
    <tr>
		<td>Security-High</td>
      	<td>CVE-2021-23358</td>
      	<td>WebGoat__rpanman-sonatype</td>
      	<td>pkg:a-name/underscore@1.10.2</td>
		<td>2022-02-14</td>
		<td>build</td>
    </tr>
    <tr>
		<td>Security-High</td>
      	<td>CVE-2021-3859</td>
      	<td>WebGoat__rpanman-sonatype</td>
      	<td>pkg:maven/io.undertow/undertow-core@2.2.4.Final?type=jar</td>
		<td>2022-02-14</td>
		<td>build</td>
    </tr>
    <tr>
		<td>Security-High</td>
      	<td>sonatype-2021-1175</td>
      	<td>WebGoat__rpanman-sonatype</td>
      	<td>pkg:maven/ch.qos.logback/logback-core@1.2.3?type=jar</td>
		<td>2022-02-14</td>
		<td>build</td>
    </tr>
    <tr>
		<td>Security-High</td>
      	<td>sonatype-2021-1118</td>
      	<td>WebGoat__rpanman-sonatype</td>
      	<td>pkg:maven/com.github.jnr/jnr-posix@3.1.4?type=jar</td>
		<td>2022-02-14</td>
		<td>build</td>
    </tr>
    <tr>
		<td>Security-High</td>
      	<td>CVE-2020-28052</td>
      	<td>WebGoat__rpanman-sonatype</td>
      	<td>pkg:maven/org.jruby/jruby-stdlib@9.2.14.0?type=jar</td>
		<td>2022-02-14</td>
		<td>build</td>
    </tr>
    <tr>
		<td>Security-High</td>
      	<td>CVE-2021-31799</td>
      	<td>WebGoat__rpanman-sonatype</td>
      	<td>pkg:maven/org.jruby/jruby-stdlib@9.2.14.0?type=jar</td>
		<td>2022-02-14</td>
		<td>build</td>
    </tr>
    <tr>
		<td>Security-High</td>
      	<td>CVE-2021-22118</td>
      	<td>WebGoat__rpanman-sonatype</td>
      	<td>pkg:maven/org.springframework/spring-web@5.3.4?type=jar</td>
		<td>2022-02-14</td>
		<td>build</td>
    </tr>
    <tr>
		<td>Security-High</td>
      	<td>sonatype-2020-1438</td>
      	<td>WebGoat__rpanman-sonatype</td>
      	<td>pkg:maven/org.glassfish/jakarta.el@3.0.3?type=jar</td>
		<td>2022-02-14</td>
		<td>build</td>
    </tr>
    <tr>
		<td>Security-Critical</td>
      	<td>CVE-2013-7285</td>
      	<td>WebGoat__rpanman-sonatype</td>
      	<td>pkg:maven/com.thoughtworks.xstream/xstream@1.4.5?type=jar</td>
		<td>2022-02-14</td>
		<td>build</td>
    </tr>
    <tr>
		<td>Security-Critical</td>
      	<td>CVE-2021-21342</td>
      	<td>WebGoat__rpanman-sonatype</td>
      	<td>pkg:maven/com.thoughtworks.xstream/xstream@1.4.5?type=jar</td>
		<td>2022-02-14</td>
		<td>build</td>
    </tr>
    <tr>
		<td>Security-Critical</td>
      	<td>CVE-2021-21344</td>
      	<td>WebGoat__rpanman-sonatype</td>
      	<td>pkg:maven/com.thoughtworks.xstream/xstream@1.4.5?type=jar</td>
		<td>2022-02-14</td>
		<td>build</td>
    </tr>
    <tr>
		<td>Security-Critical</td>
      	<td>CVE-2021-21345</td>
      	<td>WebGoat__rpanman-sonatype</td>
      	<td>pkg:maven/com.thoughtworks.xstream/xstream@1.4.5?type=jar</td>
		<td>2022-02-14</td>
		<td>build</td>
    </tr>
    <tr>
		<td>Security-Critical</td>
      	<td>CVE-2021-21346</td>
      	<td>WebGoat__rpanman-sonatype</td>
      	<td>pkg:maven/com.thoughtworks.xstream/xstream@1.4.5?type=jar</td>
		<td>2022-02-14</td>
		<td>build</td>
    </tr>
    <tr>
		<td>Security-Critical</td>
      	<td>CVE-2021-21347</td>
      	<td>WebGoat__rpanman-sonatype</td>
      	<td>pkg:maven/com.thoughtworks.xstream/xstream@1.4.5?type=jar</td>
		<td>2022-02-14</td>
		<td>build</td>
    </tr>
    <tr>
		<td>Security-Critical</td>
      	<td>CVE-2021-21350</td>
      	<td>WebGoat__rpanman-sonatype</td>
      	<td>pkg:maven/com.thoughtworks.xstream/xstream@1.4.5?type=jar</td>
		<td>2022-02-14</td>
		<td>build</td>
    </tr>
    <tr>
		<td>Security-Critical</td>
      	<td>CVE-2022-21724</td>
      	<td>WebGoat__rpanman-sonatype</td>
      	<td>pkg:maven/org.postgresql/postgresql@42.2.18?type=jar</td>
		<td>2022-02-14</td>
		<td>build</td>
    </tr>
    <tr>
		<td>Security-Critical</td>
      	<td>CVE-2021-43466</td>
      	<td>WebGoat__rpanman-sonatype</td>
      	<td>pkg:maven/org.thymeleaf/thymeleaf-spring5@3.0.12.RELEASE?type=jar</td>
		<td>2022-02-14</td>
		<td>build</td>
    </tr>
    <tr>
		<td>Security-Critical</td>
      	<td>CVE-2016-1000027</td>
      	<td>WebGoat__rpanman-sonatype</td>
      	<td>pkg:maven/org.springframework/spring-web@5.3.4?type=jar</td>
		<td>2022-02-14</td>
		<td>build</td>
    </tr>
    </tbody>
    </table>

</div>
</div>
</div>
</div>
</div>
<br><br>

<div>
<h5>Security Policy Violations 31-60 Days</h5>
<div class="container">
<div class="row">
<div class="col-xl mx-auto w-auto bg-white rounded">
<div class="table-responsive table-wrapper-scroll-y custom-scrollbar">

	<table class="table table-striped table-bordered table-sm">
	<thead class="thead-dark">
    <tr>
		<th>Policy Name</th>
		<th>Reason</th>
		<th>Application Name</th>
		<th>Component Name</th>
		<th>Open Time</th>
		<th>Stage</th>
	</tr>
    </thead>
    <tbody>
    <tr>
		<td>Security-Medium</td>
      	<td>CVE-2021-22060</td>
      	<td>nexusiq-successmetrics__sonatype-nexus-community</td>
      	<td>pkg:maven/org.springframework/spring-webflux@5.3.12?type=jar</td>
		<td>2022-01-28</td>
		<td>develop</td>
    </tr>
    <tr>
		<td>Security-Medium</td>
      	<td>CVE-2018-14335</td>
      	<td>nexusiq-successmetrics__sonatype-nexus-community</td>
      	<td>pkg:maven/com.h2database/h2@2.0.202?type=jar</td>
		<td>2022-01-28</td>
		<td>develop</td>
    </tr>
    <tr>
		<td>Security-Medium</td>
      	<td>sonatype-2021-1446</td>
      	<td>nexusiq-successmetrics__sonatype-nexus-community</td>
      	<td>pkg:maven/ch.qos.logback/logback-core@1.2.6?type=jar</td>
		<td>2022-01-28</td>
		<td>develop</td>
    </tr>
    <tr>
		<td>Security-Medium</td>
      	<td>sonatype-2021-4517</td>
      	<td>nexusiq-successmetrics__sonatype-nexus-community</td>
      	<td>pkg:maven/ch.qos.logback/logback-core@1.2.6?type=jar</td>
		<td>2022-01-28</td>
		<td>develop</td>
    </tr>
    <tr>
		<td>Security-Medium</td>
      	<td>CVE-2022-23181</td>
      	<td>nexusiq-successmetrics__sonatype-nexus-community</td>
      	<td>pkg:maven/org.apache.tomcat.embed/tomcat-embed-core@9.0.54?type=jar</td>
		<td>2022-01-28</td>
		<td>develop</td>
    </tr>
    <tr>
		<td>Security-Medium</td>
      	<td>CVE-2021-22060</td>
      	<td>nexusiq-successmetrics__sonatype-nexus-community</td>
      	<td>pkg:maven/org.springframework/spring-webmvc@5.3.12?type=jar</td>
		<td>2022-01-28</td>
		<td>develop</td>
    </tr>
    <tr>
		<td>Security-Medium</td>
      	<td>sonatype-2012-0050</td>
      	<td>nexusiq-successmetrics__sonatype-nexus-community</td>
      	<td>pkg:maven/commons-codec/commons-codec@1.10?type=jar</td>
		<td>2022-01-28</td>
		<td>develop</td>
    </tr>
    <tr>
		<td>Security-Medium</td>
      	<td>CVE-2021-43797</td>
      	<td>nexusiq-successmetrics__sonatype-nexus-community</td>
      	<td>pkg:maven/io.netty/netty-codec-http@4.1.69.Final?type=jar</td>
		<td>2022-01-28</td>
		<td>develop</td>
    </tr>
    <tr>
		<td>Security-Medium</td>
      	<td>sonatype-2020-0026</td>
      	<td>nexusiq-successmetrics__sonatype-nexus-community</td>
      	<td>pkg:maven/io.netty/netty-handler@4.1.69.Final?type=jar</td>
		<td>2022-01-28</td>
		<td>develop</td>
    </tr>
    <tr>
		<td>Security-Medium</td>
      	<td>sonatype-2021-4517</td>
      	<td>nexusiq-successmetrics__sonatype-nexus-community</td>
      	<td>pkg:maven/ch.qos.logback/logback-classic@1.2.6?type=jar</td>
		<td>2022-01-28</td>
		<td>develop</td>
    </tr>
    <tr>
		<td>Security-High</td>
      	<td>sonatype-2020-1324</td>
      	<td>nexusiq-successmetrics__sonatype-nexus-community</td>
      	<td>pkg:maven/com.h2database/h2@2.0.202?type=jar</td>
		<td>2022-01-28</td>
		<td>develop</td>
    </tr>
    <tr>
		<td>Security-High</td>
      	<td>sonatype-2021-4682</td>
      	<td>nexusiq-successmetrics__sonatype-nexus-community</td>
      	<td>pkg:maven/com.fasterxml.jackson.core/jackson-databind@2.12.5?type=jar</td>
		<td>2022-01-28</td>
		<td>develop</td>
    </tr>
    <tr>
		<td>Security-Critical</td>
      	<td>CVE-2021-42392</td>
      	<td>nexusiq-successmetrics__sonatype-nexus-community</td>
      	<td>pkg:maven/com.h2database/h2@2.0.202?type=jar</td>
		<td>2022-01-28</td>
		<td>develop</td>
    </tr>
    <tr>
		<td>Security-Critical</td>
      	<td>CVE-2022-23221</td>
      	<td>nexusiq-successmetrics__sonatype-nexus-community</td>
      	<td>pkg:maven/com.h2database/h2@2.0.202?type=jar</td>
		<td>2022-01-28</td>
		<td>develop</td>
    </tr>
    <tr>
		<td>Security-Critical</td>
      	<td>CVE-2016-1000027</td>
      	<td>nexusiq-successmetrics__sonatype-nexus-community</td>
      	<td>pkg:maven/org.springframework/spring-web@5.3.12?type=jar</td>
		<td>2022-01-28</td>
		<td>develop</td>
    </tr>
    <tr>
		<td>Security-Critical</td>
      	<td>CVE-2021-43466</td>
      	<td>nexusiq-successmetrics__sonatype-nexus-community</td>
      	<td>pkg:maven/org.thymeleaf/thymeleaf-spring5@3.0.12.RELEASE?type=jar</td>
		<td>2022-01-28</td>
		<td>develop</td>
    </tr>
    <tr>
		<td>Security-Medium</td>
      	<td>CVE-2018-14335</td>
      	<td>nexusiq-successmetrics__sonatype-nexus-community</td>
      	<td>pkg:maven/com.h2database/h2@2.0.202?type=jar</td>
		<td>2022-01-27</td>
		<td>source</td>
    </tr>
    <tr>
		<td>Security-Medium</td>
      	<td>sonatype-2012-0050</td>
      	<td>nexusiq-successmetrics__sonatype-nexus-community</td>
      	<td>pkg:maven/commons-codec/commons-codec@1.10?type=jar</td>
		<td>2022-01-27</td>
		<td>source</td>
    </tr>
    <tr>
		<td>Security-Medium</td>
      	<td>sonatype-2020-1216</td>
      	<td>nexusiq-successmetrics__sonatype-nexus-community</td>
      	<td>pkg:a-name/apexcharts@3.22.0</td>
		<td>2022-01-27</td>
		<td>source</td>
    </tr>
    <tr>
		<td>Security-High</td>
      	<td>sonatype-2020-1324</td>
      	<td>nexusiq-successmetrics__sonatype-nexus-community</td>
      	<td>pkg:maven/com.h2database/h2@2.0.202?type=jar</td>
		<td>2022-01-27</td>
		<td>source</td>
    </tr>
    <tr>
		<td>Security-Critical</td>
      	<td>CVE-2021-42392</td>
      	<td>nexusiq-successmetrics__sonatype-nexus-community</td>
      	<td>pkg:maven/com.h2database/h2@2.0.202?type=jar</td>
		<td>2022-01-27</td>
		<td>source</td>
    </tr>
    <tr>
		<td>Security-Critical</td>
      	<td>CVE-2022-23221</td>
      	<td>nexusiq-successmetrics__sonatype-nexus-community</td>
      	<td>pkg:maven/com.h2database/h2@2.0.202?type=jar</td>
		<td>2022-01-27</td>
		<td>source</td>
    </tr>
    </tbody>
    </table>

</div>
</div>
</div>
</div>
</div>
<br><br>


<br><br>


   </body>
</html>
