<!DOCTYPE html>
<html lang="en">

<head>
<div><div>

    <meta charset="utf-8"/>
    <meta http-equiv="Content-Type" content="text/html; charset=ISO-8859-1"/>

    <script src="webjars/jquery/jquery.min.js"></script>
    <link href="webjars/bootstrap/css/bootstrap.min.css" rel="stylesheet" />
    <script src="webjars/bootstrap/js/bootstrap.min.js"></script>

    <script src="/webjars/apexcharts/3.28.1/dist/apexcharts.min.js"></script>
    <link rel="stylesheet" href="/css/apexcharts.css"/>

    <link href="/css/main.css" rel="stylesheet"/>

    <div class="text-center">
        <img class="displayed" src="images/sonatype.png"/>
        <title>Success Metrics</title>
        <h3>Success Metrics</h3>
        <h4></h4>
    </div>

    <script>
        var height = '700px'
        var width = '950px'

        var grid = {
            row: {
                colors: ['#f3f3f3', 'transparent'],
                opacity: 0.5
            }
        }

        var barchartlabels = {
            enabled: true,
            enabledOnSeries: undefined,
            formatter: function (val, opts) {
                return val
            },
            textAnchor: 'middle',
            distributed: false,
            offsetX: 0,
            offsetY: 0,
            style: {
                fontSize: '10px',
                fontFamily: 'Helvetica, Arial, sans-serif',
                fontWeight: 'bold',
                colors: ['#fff']
            },
            background: {
                enabled: false,
                foreColor: '#fff',
                padding: 4,
                borderRadius: 2,
                borderWidth: 2,
                borderColor: '#fff',
                opacity: 0.9,

            },

        }

        var barchart = {
            type: 'bar',
            height: height,
            width: width,
            zoom: {
                enabled: false
            }
        }

        var linechart = {
            type: 'line',
            height: height,
            width: width,
            zoom: {
                enabled: false
            }
        }

        var stackedbarchart = {
            type: 'bar',
            height: height,
            width: width,
            stacked: true,
            toolbar: {
                show: true
            },
            zoom: {
                enabled: true
            }
        }

        var legend = {
            position: 'top',
            horizontalAlign: 'left',
            offsetX: 120
        }

        var fillbar = {
            colors: '#0118FD'
        }

        var fillStacked = {
            colors: ['#F90707', '#F99A07', '#F9DC07']
        }

        var fillViolationsSummary = {
            colors: ['#FA0707', '#F99A07', '#08B005', '#0080FF'],
        }

        var donutPlotOptions = {
			expandOnClick: true,
			donut: {
				size: '45%',
					labels: {
						show: true,
						name: {
							show: true
						},
						value: {
							show: true
						},
						total: {
							show: true,
							showAlways: true,
							label: 'Total',
							fontSize: '10px',
							fontFamily: 'Helvetica, Arial, sans-serif',
							fontWeight: 400,
							color: '#373d3f',
							formatter: function (w) {
							    return w.globals.seriesTotals.reduce((a, b) => {
									return a + b
								}, 0)
							}
						}
					}
				}
			}

    </script>

</div></div>

</head>

<body>
	<div class="jumbotron">
	<h3>Summary Report</h3>
    </div>

    <div>
    <div class="container">
    <div class="row">
    <div class="col-xl mx-auto bg-white rounded">
    <div class="table-responsive table-wrapper-scroll-y">

    <div>

	    <div><div>

	<table class="table table-hover" style="width:100%">
        <thead class="thead-dark">
            <tr>
                <th scope="col">Current Period <span style="color:grey;font-size:11px">(2021-01-01 - 2021-06-01)</span></th>
             </tr>
        </thead>
        <tbody>

        	<div>
        	<div>
            <tr>
            <td>Onboarded <span>128</span> applications at an average of <span>21</span> per <span>month</span></td>
             </tr>
            <tr>
            <td>Scanned applications at an average of <span>34</span> per <span>month</span></td>
            </tr>
            </div>
            </div>

            <tr>
            <td>Performed a total of <span>1156</span> scans at an average of <span>192</span> per <span>month</span></td>
            </tr>

        </tbody>
    </table>

    <table class="table table-striped table-hover" style="width:100%">
        <thead class="thead-dark">
            <tr>
                <th scope="col">Current Period</th>
                <th scope="col">Total</th>
                <th scope="col">Critical</th>
                <th scope="col">Severe</th>
                <th scope="col">Moderate</th>
            </tr>
        </thead>
        <tbody>
            <tr style="font-weight:bold">
                <td>Discovered Security Violations</td>
                <td>6239</td>
                <td>3064</td>
                <td>2997</td>
                <td>178</td>
            </tr>
            <tr>
                <td>Open Security Violations</td>
                <td>5063</td>
                <td>2438</td>
                <td>2467</td>
                <td>158</td>
            </tr>
            <tr>
                <td>Fixed Security Violations</td>
                <td>1166</td>
                <td>616</td>
                <td>530</td>
                <td>20</td>
            </tr>
            <tr>
                <td>Waived Security Violations</td>
                <td>10</td>
                <td>10</td>
                <td>0</td>
                <td>0</td>
            </tr>
            <tr>
                <td style="background-color: aliceblue;"></td><td style="background-color: aliceblue;"></td>
                <td style="background-color: aliceblue;"></td><td style="background-color: aliceblue;"></td><td style="background-color: aliceblue;"></td>
            </tr>
            <tr style="font-weight:bold">
                <td>Discovered License Violations</td>
                <td>1549</td>
                <td>1544</td>
                <td>5</td>
                <td>0</td>
            </tr>
            <tr>
                <td>Open License Violations</td>
                <td>243</td>
                <td>238</td>
                <td>5</td>
                <td>0</td>
            </tr>
            <tr>
                <td>Fixed License Violations</td>
                <td>1306</td>
                <td>1306</td>
                <td>0</td>
                <td>0</td>
            </tr>
            <tr>
                <td>Waived License Violations</td>
                <td>0</td>
                <td>0</td>
                <td>0</td>
                <td>0</td>
            </tr>
            <tr>
                <td style="background-color: aliceblue;"></td><td style="background-color: aliceblue;"></td>
                <td style="background-color: aliceblue;"></td><td style="background-color: aliceblue;"></td><td style="background-color: aliceblue;"></td>
            </tr>
            <tr style="font-weight:bold">
            	<td>Total</td>
                <td>7788</td>
                <td>4608</td>
                <td>3002</td>
                <td>178</td>
            </tr>
        </tbody>
    </table>


    <table class="table table-hover" style="width:100%">
        <thead class="thead-dark">
            <tr><th scope="col">Current Period</th></tr>
        </thead>
        <tbody>

            <tr>
            <td> It took an average of <span>28</span> days to fix critical violations</td>
             </tr>
            <tr>
            <td> It took an average of <span>18</span> days to fix severe violations</td>
             </tr>
            <tr>
            <td> It took an average of <span>13</span> days to fix moderate violations</td>
            </tr>

            <div>
            <div>

            <tr>
            <td style="background-color: aliceblue;"></td>
            </tr>
            <tr>
            <td> Most critical application has <span>99</span> critical violations</td>
             </tr>
            <tr>
            <td> Least critical application has <span>0</span> critical violations</td>
            </tr>
            </div>
            </div>

        </tbody>
    </table>


</div></div>

	    <br/><br/>

	    </div>
	    </div></div></div></div>
		<div style="page-break-before: always;"/>

	    <!--  applications -->
	    <div><div>
    <div class="chart-container">
	<div>
        <div>

        <div id="applicationsOnboardedChart"></div>
        <script>
            var points = [{"label":"2021-01-01","pointA":21,"pointB":0,"pointC":0,"pointD":0},{"label":"2021-02-01","pointA":34,"pointB":0,"pointC":0,"pointD":0},{"label":"2021-03-01","pointA":45,"pointB":0,"pointC":0,"pointD":0},{"label":"2021-04-01","pointA":73,"pointB":0,"pointC":0,"pointD":0},{"label":"2021-05-01","pointA":107,"pointB":0,"pointC":0,"pointD":0},{"label":"2021-06-01","pointA":128,"pointB":0,"pointC":0,"pointD":0}];
	     	var pdata = [];
	     	var labels = [];

	     	points.forEach(entry => {
	            var label = entry.label;
	            var point = entry.pointA;
	            labels.push(label);
	            pdata.push(point);
	        });

            var options = {
                chart: barchart,
                grid: grid,
                dataLabels: barchartlabels,
                fill: fillbar,
                series: [{
                    name: 'applications',
                    data: pdata
                }],
                xaxis: {
                    categories: labels,
                },
                title: {
                    text: 'Number of applications onboarded',
                    align: 'left'
                }
            }

            var chart = new ApexCharts(document.querySelector("#applicationsOnboardedChart"), options);

            chart.render();
        </script>

        <div style="page-break-before: always;"/>

        <div id="numberOfApplicationsScannedChart"></div>
        <script>
            var points = [{"label":"2021-01-01","pointA":21,"pointB":0,"pointC":0,"pointD":0},{"label":"2021-02-01","pointA":33,"pointB":0,"pointC":0,"pointD":0},{"label":"2021-03-01","pointA":44,"pointB":0,"pointC":0,"pointD":0},{"label":"2021-04-01","pointA":37,"pointB":0,"pointC":0,"pointD":0},{"label":"2021-05-01","pointA":43,"pointB":0,"pointC":0,"pointD":0},{"label":"2021-06-01","pointA":26,"pointB":0,"pointC":0,"pointD":0}];
            var pdata = [];
            var labels = [];

            points.forEach(entry => {
                var label = entry.label;
                var point = entry.pointA;
                labels.push(label);
                pdata.push(point);
            });

            var options = {
                chart: barchart,
                grid: grid,
                dataLabels: barchartlabels,
                fill: fillbar,
                series: [{
                    name: 'applications',
                    data: pdata
                }],
                xaxis: {
                    categories: labels,
                },
                title: {
                    text: 'Number of applications scanned per period',
                    align: 'left'
                }
            }

            var chart = new ApexCharts(document.querySelector("#numberOfApplicationsScannedChart"), options);

            chart.render();
        </script>
		</div>
        </div>

        <div id="numberOfScansChart"></div>
        <script>
            var points = [{"label":"2021-01-01","pointA":76,"pointB":0,"pointC":0,"pointD":0},{"label":"2021-02-01","pointA":105,"pointB":0,"pointC":0,"pointD":0},{"label":"2021-03-01","pointA":530,"pointB":0,"pointC":0,"pointD":0},{"label":"2021-04-01","pointA":136,"pointB":0,"pointC":0,"pointD":0},{"label":"2021-05-01","pointA":162,"pointB":0,"pointC":0,"pointD":0},{"label":"2021-06-01","pointA":147,"pointB":0,"pointC":0,"pointD":0}];
            var pdata = [];
            var labels = [];

            points.forEach(entry => {
                var label = entry.label;
                var point = entry.pointA;
                labels.push(label);
                pdata.push(point);
            });

            var options = {
                chart: barchart,
                grid: grid,
                dataLabels: barchartlabels,
                fill: fillbar,
                series: [{
                    name: 'applications',
                    data: pdata
                }],
                xaxis: {
                    categories: labels,
                },
                title: {
                    text: 'Number of scans per period',
                    align: 'left'
                }
            }

            var chart = new ApexCharts(document.querySelector("#numberOfScansChart"), options);

            chart.render();
        </script>

        <div style="page-break-before: always;"/>

        <div id="riskRatioChart"></div>
        <script>
            var points = [{"label":"2021-01-01","riskRatioValue":24.333333333333332},{"label":"2021-02-01","riskRatioValue":21.941176470588236},{"label":"2021-03-01","riskRatioValue":25.711111111111112},{"label":"2021-04-01","riskRatioValue":24.315068493150687},{"label":"2021-05-01","riskRatioValue":20.57943925233645},{"label":"2021-06-01","riskRatioValue":20.90625}];
	     	var pdata = [];
	     	var labels = [];

	     	points.forEach(entry => {
	            var label = entry.label;
	            var point = entry.riskRatioValue.toFixed(1);
	            labels.push(label);
	            pdata.push(point);
	        });

            var options = {
                chart: barchart,
                grid: grid,
                dataLabels: barchartlabels,
                fill: fillbar,
                series: [{
                    name: 'risk ratio',
                    data: pdata
                }],
                xaxis: {
                    categories: labels,
                },
                title: {
                    text: 'Risk Ratio (Critical Violations/Applications)',
                    align: 'left'
                }
            }

            var chart = new ApexCharts(document.querySelector("#riskRatioChart"), options);

            chart.render();
        </script>

        <div id="mttrChart"></div>
        <script>
            var points = [{"label":"2021-01-01","pointA":0.24697283,"pointB":0.24050038,"pointC":0.6549855,"pointD":0.0},{"label":"2021-02-01","pointA":33.44195,"pointB":33.89539,"pointC":12.767982,"pointD":0.0},{"label":"2021-03-01","pointA":11.755727,"pointB":9.394383,"pointC":27.699427,"pointD":0.0},{"label":"2021-04-01","pointA":19.619587,"pointB":0.11293059,"pointC":8.0912895,"pointD":0.0},{"label":"2021-05-01","pointA":35.430984,"pointB":13.863952,"pointC":18.694588,"pointD":0.0},{"label":"2021-06-01","pointA":79.61162,"pointB":65.17906,"pointC":0.0,"pointD":0.0}];
	     	var dataA = [];
	     	var dataB = [];
	     	var dataC = [];

	     	var labels = [];

	     	points.forEach(entry => {
                labels.push(entry.label);

                if (entry.pointA > 0) {
                    dataA.push(Math.ceil(entry.pointA));
                }
                else {
                    dataA.push(null);
                }

                if (entry.pointB > 0) {
                    dataB.push(Math.ceil(entry.pointB));
                }
                else {
                    dataB.push(null);
                }

                if (entry.pointC > 0) {
                    dataC.push(Math.ceil(entry.pointC));
                }
                else {
                    dataC.push(null);
                }
	        });

            var options = {
                chart: stackedbarchart,
                dataLabels: barchartlabels,
                grid: grid,
                legend: legend,
                colors: ['#F90707', '#F99A07', '#F9DC07'],
                fill: fillStacked,
                series: [{
                    name: 'Critical',
                    data: dataA
                },
                {
                    name: 'Severe',
                    data: dataB
                },
                {
                    name: 'Moderate',
                    data: dataC
                }],
                xaxis: {
                    categories: labels,
                },
                title: {
                    text: 'MTTR (days)',
                    align: 'left'
                },
            }

            var chart = new ApexCharts(document.querySelector("#mttrChart"), options);

            chart.render();
        </script>



     </div>

</div></div>

	    <div style="page-break-before: always;"/>

	    <!--  security -->
	    <div><div>

    <div class="chart-container">

        <div id="securityViolationsChart"></div>
        <script>
            var points = [{"label":"2021-01-01","pointA":1573,"pointB":1130,"pointC":443,"pointD":0},{"label":"2021-02-01","pointA":540,"pointB":1621,"pointC":43,"pointD":6},{"label":"2021-03-01","pointA":1081,"pointB":2436,"pointC":266,"pointD":0},{"label":"2021-04-01","pointA":1335,"pointB":3721,"pointC":47,"pointD":3},{"label":"2021-05-01","pointA":1122,"pointB":4513,"pointC":329,"pointD":1},{"label":"2021-06-01","pointA":588,"pointB":5063,"pointC":38,"pointD":0}];
	     	var dataA = [];
	     	var dataB = [];
	     	var dataC = [];
	     	var dataD = [];

	     	var labels = [];

	     	points.forEach(entry => {
	            var label = entry.label;
	            var pointA = entry.pointA;
	            var pointB = entry.pointB;
	            var pointC = entry.pointC;
	            var pointD = entry.pointD;

	            labels.push(label);
	            dataA.push(pointA);
	            dataB.push(pointB);
	            dataC.push(pointC);
	            dataD.push(pointD);

	            console.log(entry);

            });

            var options = {
                chart: stackedbarchart,
                dataLabels: barchartlabels,
                grid: grid,
                legend: legend,
                colors: ['#FA0707', '#F99A07','#08B005',  '#0080FF'],
                fill: fillViolationsSummary,

                series: [{
                    name: 'Discovered',
                    data: dataA
                },
                {
                    name: 'Open',
                    data: dataB
                },
                {
                    name: 'Fixed',
                    data: dataC
                },
                {
                    name: 'Waived',
                    data: dataD
                }],
                xaxis: {
                    categories: labels,
                },
                title: {
                    text: 'Security Violations',
                    align: 'left'
                }
            }

            var chart = new ApexCharts(document.querySelector("#securityViolationsChart"), options);

            chart.render();
        </script>

        <div style="page-break-before: always;"/>

        <div id="discoveredSecurityViolationsChart"></div>
        <script>
            var points = [{"label":"2021-01-01","pointA":742,"pointB":772,"pointC":59,"pointD":0},{"label":"2021-02-01","pointA":268,"pointB":258,"pointC":14,"pointD":0},{"label":"2021-03-01","pointA":545,"pointB":501,"pointC":35,"pointD":0},{"label":"2021-04-01","pointA":662,"pointB":638,"pointC":35,"pointD":0},{"label":"2021-05-01","pointA":598,"pointB":517,"pointC":7,"pointD":0},{"label":"2021-06-01","pointA":249,"pointB":311,"pointC":28,"pointD":0}];
            var dataA = [];
            var dataB = [];
            var dataC = [];

            var labels = [];

            points.forEach(entry => {
                labels.push(entry.label);
                dataA.push(entry.pointA);
                dataB.push(entry.pointB);
                dataC.push(entry.pointC);
            });

            var options = {
                chart: stackedbarchart,
                dataLabels: barchartlabels,
                grid: grid,
                legend: legend,
                colors: ['#F90707', '#F99A07', '#F9DC07'],
                fill: fillStacked,
                series: [{
                    name: 'Critical',
                    data: dataA
                },
                {
                    name: 'Severe',
                    data: dataB
                },
                {
                    name: 'Moderate',
                    data: dataC
                }],
                xaxis: {
                    categories: labels,
                },
                title: {
                    text: 'Discovered Security Violations',
                    align: 'left'
                },
            }

            var chart = new ApexCharts(document.querySelector("#discoveredSecurityViolationsChart"), options);
            chart.render();
        </script>

        <div id="openSecurityViolationsChart"></div>
        <script>
            var points = [{"label":"2021-01-01","pointA":508,"pointB":573,"pointC":49,"pointD":0},{"label":"2021-02-01","pointA":743,"pointB":815,"pointC":63,"pointD":0},{"label":"2021-03-01","pointA":1154,"pointB":1194,"pointC":88,"pointD":0},{"label":"2021-04-01","pointA":1772,"pointB":1826,"pointC":123,"pointD":0},{"label":"2021-05-01","pointA":2199,"pointB":2184,"pointC":130,"pointD":0},{"label":"2021-06-01","pointA":2438,"pointB":2467,"pointC":158,"pointD":0}];
            var dataA = [];
            var dataB = [];
            var dataC = [];

            var labels = [];

            points.forEach(entry => {
                labels.push(entry.label);
                dataA.push(entry.pointA);
                dataB.push(entry.pointB);
                dataC.push(entry.pointC);
            });

            var options = {
                chart: stackedbarchart,
                dataLabels: barchartlabels,
                grid: grid,
                legend: legend,
                colors: ['#F90707', '#F99A07', '#F9DC07'],
                fill: fillStacked,
                series: [{
                    name: 'Critical',
                    data: dataA
                },
                {
                    name: 'Severe',
                    data: dataB
                },
                {
                    name: 'Moderate',
                    data: dataC
                }],
                xaxis: {
                    categories: labels,
                },
                title: {
                    text: 'Open Security Violations',
                    align: 'left'
                },
            }

            var chart = new ApexCharts(document.querySelector("#openSecurityViolationsChart"), options);
            chart.render();
        </script>


        <div style="page-break-before: always;"/>

        <div id="fixedSecurityViolationsChart"></div>
        <script>
            var points = [{"label":"2021-01-01","pointA":234,"pointB":199,"pointC":10,"pointD":0},{"label":"2021-02-01","pointA":27,"pointB":16,"pointC":0,"pointD":0},{"label":"2021-03-01","pointA":134,"pointB":122,"pointC":10,"pointD":0},{"label":"2021-04-01","pointA":41,"pointB":6,"pointC":0,"pointD":0},{"label":"2021-05-01","pointA":170,"pointB":159,"pointC":0,"pointD":0},{"label":"2021-06-01","pointA":10,"pointB":28,"pointC":0,"pointD":0}];
            var dataA = [];
            var dataB = [];
            var dataC = [];

            var labels = [];

            points.forEach(entry => {
                labels.push(entry.label);
                dataA.push(entry.pointA);
                dataB.push(entry.pointB);
                dataC.push(entry.pointC);
            });

            var options = {
                chart: stackedbarchart,
                dataLabels: barchartlabels,
                grid: grid,
                legend: legend,
                colors: ['#F90707', '#F99A07', '#F9DC07'],
                fill: fillStacked,
                series: [{
                    name: 'Critical',
                    data: dataA
                },
                {
                    name: 'Severe',
                    data: dataB
                },
                {
                    name: 'Moderate',
                    data: dataC
                }],
                xaxis: {
                    categories: labels,
                },
                title: {
                    text: 'Fixed Security Violations',
                    align: 'left'
                },
            }

            var chart = new ApexCharts(document.querySelector("#fixedSecurityViolationsChart"), options);
            chart.render();
        </script>

        <div id="waivedSecurityViolationsChart"></div>
        <script>
            var points = [{"label":"2021-01-01","pointA":0,"pointB":0,"pointC":0,"pointD":0},{"label":"2021-02-01","pointA":6,"pointB":0,"pointC":0,"pointD":0},{"label":"2021-03-01","pointA":0,"pointB":0,"pointC":0,"pointD":0},{"label":"2021-04-01","pointA":3,"pointB":0,"pointC":0,"pointD":0},{"label":"2021-05-01","pointA":1,"pointB":0,"pointC":0,"pointD":0},{"label":"2021-06-01","pointA":0,"pointB":0,"pointC":0,"pointD":0}];
            var dataA = [];
            var dataB = [];
            var dataC = [];

            var labels = [];

            points.forEach(entry => {
                labels.push(entry.label);
                dataA.push(entry.pointA);
                dataB.push(entry.pointB);
                dataC.push(entry.pointC);
            });

            var options = {
                chart: stackedbarchart,
                dataLabels: barchartlabels,
                grid: grid,
                legend: legend,
                colors: ['#F90707', '#F99A07', '#F9DC07'],
                fill: fillStacked,
                series: [{
                    name: 'Critical',
                    data: dataA
                },
                {
                    name: 'Severe',
                    data: dataB
                },
                {
                    name: 'Moderate',
                    data: dataC
                }],
                xaxis: {
                    categories: labels,
                },
                title: {
                    text: 'Waived Security Violations',
                    align: 'left'
                },
            }

            var chart = new ApexCharts(document.querySelector("#waivedSecurityViolationsChart"), options);
            chart.render();
        </script>

    </div>
</div></div>

	    <div style="page-break-before: always;"/>

	    <!--  license -->
	    <div><div>

    <div class="chart-container">

        <div id="LicenseViolationsChart"></div>
        <script>
            var points = [{"label":"2021-01-01","pointA":3,"pointB":3,"pointC":0,"pointD":0},{"label":"2021-02-01","pointA":0,"pointB":3,"pointC":0,"pointD":0},{"label":"2021-03-01","pointA":1306,"pointB":3,"pointC":1306,"pointD":0},{"label":"2021-04-01","pointA":0,"pointB":3,"pointC":0,"pointD":0},{"label":"2021-05-01","pointA":0,"pointB":3,"pointC":0,"pointD":0},{"label":"2021-06-01","pointA":240,"pointB":243,"pointC":0,"pointD":0}];
	     	var dataA = [];
	     	var dataB = [];
	     	var dataC = [];
	     	var dataD = [];

	     	var labels = [];

	     	points.forEach(entry => {
	            var label = entry.label;
	            var pointA = entry.pointA;
	            var pointB = entry.pointB;
                var pointC = entry.pointC;
                var pointD = entry.pointD;


	            labels.push(label);
	            dataA.push(pointA);
	            dataB.push(pointB);
                dataC.push(pointC);
                dataD.push(pointD);


            });

            var options = {
                chart: stackedbarchart,
                dataLabels: barchartlabels,
                grid: grid,
                legend: legend,
                colors: ['#FA0707', '#F99A07','#08B005',  '#0080FF'],

                fill: fillViolationsSummary,

                series: [{
                    name: 'Discovered',
                    data: dataA
                },
                {
                    name: 'Open',
                    data: dataB
                },
                {
                    name: 'Fixed',
                    data: dataC
                },
                {
                    name: 'Waived',
                    data: dataD
                }],
                xaxis: {
                    categories: labels,
                },
                title: {
                    text: 'License Violations',
                    align: 'left'
                }
            }

            var chart = new ApexCharts(document.querySelector("#LicenseViolationsChart"), options);
            chart.render();
        </script>


        <div style="page-break-before: always;"/>

        <div id="discoveredLicenseViolationsChart"></div>
        <script>
            var points = [{"label":"2021-01-01","pointA":3,"pointB":0,"pointC":0,"pointD":0},{"label":"2021-02-01","pointA":0,"pointB":0,"pointC":0,"pointD":0},{"label":"2021-03-01","pointA":1306,"pointB":0,"pointC":0,"pointD":0},{"label":"2021-04-01","pointA":0,"pointB":0,"pointC":0,"pointD":0},{"label":"2021-05-01","pointA":0,"pointB":0,"pointC":0,"pointD":0},{"label":"2021-06-01","pointA":235,"pointB":5,"pointC":0,"pointD":0}];
            var dataA = [];
            var dataB = [];
            var dataC = [];

            var labels = [];

            points.forEach(entry => {
                labels.push(entry.label);
                dataA.push(entry.pointA);
                dataB.push(entry.pointB);
                dataC.push(entry.pointC);
            });

            var options = {
                chart: stackedbarchart,
                dataLabels: barchartlabels,
                grid: grid,
                legend: legend,
                colors: ['#F90707', '#F99A07', '#F9DC07'],
                fill: fillStacked,
                series: [{
                    name: 'Critical',
                    data: dataA
                },
                {
                    name: 'Severe',
                    data: dataB
                },
                {
                    name: 'Moderate',
                    data: dataC
                }],
                xaxis: {
                    categories: labels,
                },
                title: {
                    text: 'Discovered License Violations',
                    align: 'left'
                },
            }

            var chart = new ApexCharts(document.querySelector("#discoveredLicenseViolationsChart"), options);
            chart.render();
        </script>

        <div id="openLicenseViolationsChart"></div>
        <script>
            var points = [{"label":"2021-01-01","pointA":3,"pointB":0,"pointC":0,"pointD":0},{"label":"2021-02-01","pointA":3,"pointB":0,"pointC":0,"pointD":0},{"label":"2021-03-01","pointA":3,"pointB":0,"pointC":0,"pointD":0},{"label":"2021-04-01","pointA":3,"pointB":0,"pointC":0,"pointD":0},{"label":"2021-05-01","pointA":3,"pointB":0,"pointC":0,"pointD":0},{"label":"2021-06-01","pointA":238,"pointB":5,"pointC":0,"pointD":0}];
            var dataA = [];
            var dataB = [];
            var dataC = [];

            var labels = [];

            points.forEach(entry => {
                labels.push(entry.label);
                dataA.push(entry.pointA);
                dataB.push(entry.pointB);
                dataC.push(entry.pointC);
            });

            var options = {
                chart: stackedbarchart,
                dataLabels: barchartlabels,
                grid: grid,
                legend: legend,
                colors: ['#F90707', '#F99A07', '#F9DC07'],
                fill: fillStacked,
                series: [{
                    name: 'Critical',
                    data: dataA
                },
                {
                    name: 'Severe',
                    data: dataB
                },
                {
                    name: 'Moderate',
                    data: dataC
                }],
                xaxis: {
                    categories: labels,
                },
                title: {
                    text: 'Open License Violations',
                    align: 'left'
                },
            }

            var chart = new ApexCharts(document.querySelector("#openLicenseViolationsChart"), options);
            chart.render();
        </script>

        <div style="page-break-before: always;"/>

        <div id="fixedLicenseViolationsChart"></div>
        <script>
            var points = [{"label":"2021-01-01","pointA":0,"pointB":0,"pointC":0,"pointD":0},{"label":"2021-02-01","pointA":0,"pointB":0,"pointC":0,"pointD":0},{"label":"2021-03-01","pointA":1306,"pointB":0,"pointC":0,"pointD":0},{"label":"2021-04-01","pointA":0,"pointB":0,"pointC":0,"pointD":0},{"label":"2021-05-01","pointA":0,"pointB":0,"pointC":0,"pointD":0},{"label":"2021-06-01","pointA":0,"pointB":0,"pointC":0,"pointD":0}];
            var dataA = [];
            var dataB = [];
            var dataC = [];

            var labels = [];

            points.forEach(entry => {
                labels.push(entry.label);
                dataA.push(entry.pointA);
                dataB.push(entry.pointB);
                dataC.push(entry.pointC);
            });

            var options = {
                chart: stackedbarchart,
                dataLabels: barchartlabels,
                grid: grid,
                legend: legend,
                colors: ['#F90707', '#F99A07', '#F9DC07'],
                fill: fillStacked,
                series: [{
                    name: 'Critical',
                    data: dataA
                },
                {
                    name: 'Severe',
                    data: dataB
                },
                {
                    name: 'Moderate',
                    data: dataC
                }],
                xaxis: {
                    categories: labels,
                },
                title: {
                    text: 'Fixed License Violations',
                    align: 'left'
                },
            }

            var chart = new ApexCharts(document.querySelector("#fixedLicenseViolationsChart"), options);
            chart.render();
        </script>

        <div id="waivedLicenseViolationsChart"></div>
        <script>
            var points = [{"label":"2021-01-01","pointA":0,"pointB":0,"pointC":0,"pointD":0},{"label":"2021-02-01","pointA":0,"pointB":0,"pointC":0,"pointD":0},{"label":"2021-03-01","pointA":0,"pointB":0,"pointC":0,"pointD":0},{"label":"2021-04-01","pointA":0,"pointB":0,"pointC":0,"pointD":0},{"label":"2021-05-01","pointA":0,"pointB":0,"pointC":0,"pointD":0},{"label":"2021-06-01","pointA":0,"pointB":0,"pointC":0,"pointD":0}];
            var dataA = [];
            var dataB = [];
            var dataC = [];

            var labels = [];

            points.forEach(entry => {
                labels.push(entry.label);
                dataA.push(entry.pointA);
                dataB.push(entry.pointB);
                dataC.push(entry.pointC);
            });

            var options = {
                chart: stackedbarchart,
                dataLabels: barchartlabels,
                grid: grid,
                legend: legend,
                colors: ['#F90707', '#F99A07', '#F9DC07'],
                fill: fillStacked,
                series: [{
                    name: 'Critical',
                    data: dataA
                },
                {
                    name: 'Severe',
                    data: dataB
                },
                {
                    name: 'Moderate',
                    data: dataC
                }],
                xaxis: {
                    categories: labels,
                },
                title: {
                    text: 'Waived License Violations',
                    align: 'left'
                },
            }

            var chart = new ApexCharts(document.querySelector("#waivedLicenseViolationsChart"), options);
            chart.render();
        </script>

    </div>
</div></div>

    </div>

</body>
